// Jest Snapshot v1, https://goo.gl/fbAQLP

exports[`should match snapshot 1`] = `
<DocumentFragment>
  .c5 {
  font-size: 17px;
  line-height: 20px;
  color: var(--primary);
}

.c6 {
  font-size: 15px;
  line-height: 18px;
  color: var(--secondary);
}

.c3 {
  width: 36px;
  height: 36px;
  border-radius: 50%;
  background-color: #F8CBC4;
  color: #F18477;
  display: -webkit-box;
  display: -webkit-flex;
  display: -ms-flexbox;
  display: flex;
  -webkit-box-pack: center;
  -webkit-justify-content: center;
  -ms-flex-pack: center;
  justify-content: center;
  -webkit-align-items: center;
  -webkit-box-align: center;
  -ms-flex-align: center;
  align-items: center;
  -webkit-user-select: none;
  -moz-user-select: none;
  -ms-user-select: none;
  user-select: none;
  font-weight: 500;
  -webkit-flex: 0 0 auto;
  -ms-flex: 0 0 auto;
  flex: 0 0 auto;
}

.c4 {
  display: -webkit-box;
  display: -webkit-flex;
  display: -ms-flexbox;
  display: flex;
  -webkit-flex-direction: column;
  -ms-flex-direction: column;
  flex-direction: column;
  margin-left: 15px;
}

.c2 {
  display: -webkit-box;
  display: -webkit-flex;
  display: -ms-flexbox;
  display: flex;
  -webkit-align-items: center;
  -webkit-box-align: center;
  -ms-flex-align: center;
  align-items: center;
}

.c7 {
  display: -webkit-box;
  display: -webkit-flex;
  display: -ms-flexbox;
  display: flex;
  -webkit-align-items: center;
  -webkit-box-align: center;
  -ms-flex-align: center;
  align-items: center;
}

.c1 {
  overflow: hidden;
}

.c8 {
  width: 3px;
  height: 3px;
  background: #696969;
  border-radius: 50%;
  margin: 0 10px;
}

.c9 {
  font-size: 15px;
  line-height: 18px;
  font-weight: 500;
  color: var(--primary);
}

.c0 {
  display: -webkit-box;
  display: -webkit-flex;
  display: -ms-flexbox;
  display: flex;
  -webkit-align-items: center;
  -webkit-box-align: center;
  -ms-flex-align: center;
  align-items: center;
  -webkit-box-pack: justify;
  -webkit-justify-content: space-between;
  -ms-flex-pack: justify;
  justify-content: space-between;
}

<div
    class="c0 lesson-with-room-time-mark"
  >
    <div
      class="c1"
    >
      <div
        class="c2"
        data-testid="lesson-container"
      >
        <div
          class="c3"
          color="#F8CBC4"
          data-testid="avatar"
        >
          А
        </div>
        <div
          class="c4"
        >
          <span
            class="c5"
            data-testid="lesson-name"
          >
            Алгебра
          </span>
          <span
            class="c6"
            data-testid="lesson-subtitle"
          >
            <div
              class="c7"
            >
              202
              <div
                class="c8"
              />
              11:00 - 11:45
            </div>
          </span>
        </div>
      </div>
    </div>
    <span
      class="c9"
      data-testid="mark"
    >
      5
    </span>
  </div>
</DocumentFragment>
`;
